[02:03:42] [main/INFO]: [OptiFine] (Reflector) Field not found: World.tileEntitiesToBeRemoved
[02:03:43] [main/INFO]: [OptiFine] (Reflector) Class not present: net.minecraftforge.eventbus.api.Event$Result
[02:03:43] [main/INFO]: [OptiFine] (Reflector) Method not present: net.minecraftforge.common.extensions.IForgeBlockState.hasTileEntity
[02:03:43] [main/INFO]: [OptiFine] (Reflector) Class not present: net.minecraftforge.common.extensions.IForgeEntity
[02:03:43] [main/INFO]: [OptiFine] (Reflector) Class not present: net.minecraftforge.fml.CrashReportExtender
[02:03:45] [main/INFO]: [OptiFine] (Reflector) Method not present: net.minecraft.tags.ItemTags.createOptional
[02:03:59] [main/INFO]: [OptiFine] (Reflector) Class not present: net.minecraftforge.client.ForgeHooksClient
[02:04:00] [main/INFO]: Environment: authHost='https://authserver.mojang.com', accountsHost='https://api.mojang.com', sessionHost='https://sessionserver.mojang.com', servicesHost='https://api.minecraftservices.com', name='PROD'
[02:04:02] [main/ERROR]: Failed to verify authentication
com.mojang.authlib.exceptions.AuthenticationUnavailableException: null
	at com.mojang.authlib.yggdrasil.YggdrasilSocialInteractionsService.checkPrivileges(YggdrasilSocialInteractionsService.java:97) ~[authlib-2.1.28.jar:?]
	at com.mojang.authlib.yggdrasil.YggdrasilSocialInteractionsService.<init>(YggdrasilSocialInteractionsService.java:40) ~[authlib-2.1.28.jar:?]
	at com.mojang.authlib.yggdrasil.YggdrasilAuthenticationService.createSocialInteractionsService(YggdrasilAuthenticationService.java:152) ~[authlib-2.1.28.jar:?]
	at net.minecraft.client.Minecraft.func_244735_a(Minecraft.java:593) [main/:?]
	at net.minecraft.client.Minecraft.<init>(Minecraft.java:394) [main/:?]
	at net.minecraft.client.main.Main.main(Main.java:165) [main/:?]
	at Start.main(Start.java:10) [main/:?]
[02:04:02] [main/INFO]: Setting user: Player879
[02:04:02] [main/INFO]: [OptiFine] (Reflector) Class not present: net.minecraftforge.client.settings.KeyConflictContext
[02:04:03] [main/INFO]: [OptiFine] (Reflector) Class not present: net.minecraftforge.client.settings.KeyModifier
[02:04:03] [main/INFO]: [OptiFine] (Reflector) Class not present: net.minecraft.launchwrapper.Launch
[02:04:03] [main/INFO]: Backend library: LWJGL version 3.2.1 build 12
[02:04:03] [main/INFO]: [STDERR]: [LWJGL] [ERROR] Incompatible Java and native library versions detected.
Possible reasons:
	a) -Djava.library.path is set to a folder containing shared libraries of an older LWJGL version.
	b) The classpath contains jar files of an older LWJGL version.
Possible solutions:
	a) Make sure to not set -Djava.library.path (it is not needed for developing with LWJGL 3) or make
	   sure the folder it points to contains the shared libraries of the correct LWJGL version.
	b) Check the classpath and make sure to only have jar files of the same LWJGL version in it.
[02:04:04] [main/INFO]: [STDERR]: [LWJGL] [ERROR] Incompatible Java and native library versions detected.
Possible reasons:
	a) -Djava.library.path is set to a folder containing shared libraries of an older LWJGL version.
	b) The classpath contains jar files of an older LWJGL version.
Possible solutions:
	a) Make sure to not set -Djava.library.path (it is not needed for developing with LWJGL 3) or make
	   sure the folder it points to contains the shared libraries of the correct LWJGL version.
	b) Check the classpath and make sure to only have jar files of the same LWJGL version in it.
[02:04:04] [main/INFO]: [STDERR]: [LWJGL] [ERROR] Incompatible Java and native library versions detected.
Possible reasons:
	a) -Djava.library.path is set to a folder containing shared libraries of an older LWJGL version.
	b) The classpath contains jar files of an older LWJGL version.
Possible solutions:
	a) Make sure to not set -Djava.library.path (it is not needed for developing with LWJGL 3) or make
	   sure the folder it points to contains the shared libraries of the correct LWJGL version.
	b) Check the classpath and make sure to only have jar files of the same LWJGL version in it.
[02:04:04] [main/INFO]: [OptiFine] (Reflector) Method not present: net.minecraftforge.fml.loading.progress.EarlyProgressVisualization.handOffWindow
[02:04:09] [main/INFO]: [STDERR]: [LWJGL] [ERROR] Incompatible Java and native library versions detected.
Possible reasons:
	a) -Djava.library.path is set to a folder containing shared libraries of an older LWJGL version.
	b) The classpath contains jar files of an older LWJGL version.
Possible solutions:
	a) Make sure to not set -Djava.library.path (it is not needed for developing with LWJGL 3) or make
	   sure the folder it points to contains the shared libraries of the correct LWJGL version.
	b) Check the classpath and make sure to only have jar files of the same LWJGL version in it.
[02:04:12] [main/INFO]: [STDERR]: [LWJGL] [ERROR] Incompatible Java and native library versions detected.
Possible reasons:
	a) -Djava.library.path is set to a folder containing shared libraries of an older LWJGL version.
	b) The classpath contains jar files of an older LWJGL version.
Possible solutions:
	a) Make sure to not set -Djava.library.path (it is not needed for developing with LWJGL 3) or make
	   sure the folder it points to contains the shared libraries of the correct LWJGL version.
	b) Check the classpath and make sure to only have jar files of the same LWJGL version in it.
[02:04:12] [main/INFO]: [OptiFine] 
[02:04:12] [main/INFO]: [OptiFine] OptiFine_1.16.5_HD_U_G8
[02:04:12] [main/INFO]: [OptiFine] (Reflector) Class not present: optifine.OptiFineResourceLocator
[02:04:12] [main/INFO]: [OptiFine] Build: null
[02:04:12] [main/INFO]: [OptiFine] OS: Windows 11 (amd64) version 10.0
[02:04:12] [main/INFO]: [OptiFine] Java: 11.0.19, Amazon.com Inc.
[02:04:12] [main/INFO]: [OptiFine] VM: OpenJDK 64-Bit Server VM (mixed mode), Amazon.com Inc.
[02:04:12] [main/INFO]: [OptiFine] LWJGL: 3.3.0 Win32 WGL EGL VisualC DLL
[02:04:12] [main/INFO]: [OptiFine] OpenGL: GeForce GT 720M/PCIe/SSE2, version 4.6.0 NVIDIA 388.57, NVIDIA Corporation
[02:04:13] [main/INFO]: [OptiFine] OpenGL Version: 4.6.0
[02:04:13] [main/INFO]: [OptiFine] Maximum texture size: 16384x16384
[02:04:13] [VersionCheck/INFO]: [OptiFine] Checking for new version
[02:04:13] [VersionCheck/INFO]: [OptiFine] Version found: G7
[02:04:14] [main/INFO]: [Shaders] OpenGL Version: 4.6.0 NVIDIA 388.57
[02:04:14] [main/INFO]: [Shaders] Vendor:  NVIDIA Corporation
[02:04:14] [main/INFO]: [Shaders] Renderer: GeForce GT 720M/PCIe/SSE2
[02:04:14] [main/INFO]: [Shaders] Capabilities:  2.0  2.1  3.0  3.2  4.0 
[02:04:14] [main/INFO]: [Shaders] GL_MAX_DRAW_BUFFERS: 8
[02:04:14] [main/INFO]: [Shaders] GL_MAX_COLOR_ATTACHMENTS_EXT: 8
[02:04:14] [main/INFO]: [Shaders] GL_MAX_TEXTURE_IMAGE_UNITS: 32
[02:04:14] [main/INFO]: [Shaders] Load shaders configuration.
[02:04:14] [main/INFO]: [Shaders] Save shaders configuration.
[02:04:14] [main/INFO]: [Shaders] Shaders can not be loaded, Fabulous Graphics is enabled.
[02:04:14] [main/INFO]: [Shaders] No shaderpack loaded.
[02:04:14] [main/INFO]: [OptiFine] (Reflector) Class not present: net.minecraftforge.fml.common.Loader
[02:04:16] [main/WARN]: [OptiFine] java.lang.ClassNotFoundException: sun.misc.SharedSecrets
[02:04:16] [main/WARN]: [OptiFine] java.lang.reflect.InaccessibleObjectException: Unable to make public static jdk.internal.misc.JavaNioAccess jdk.internal.misc.SharedSecrets.getJavaNioAccess() accessible: module java.base does not "exports jdk.internal.misc" to unnamed module @50ea4eaa
[02:04:16] [main/WARN]: [OptiFine] java.lang.ClassNotFoundException: sun.misc.VM
[02:04:16] [main/WARN]: [OptiFine] java.lang.reflect.InaccessibleObjectException: Unable to make public static long jdk.internal.misc.VM.maxDirectMemory() accessible: module java.base does not "exports jdk.internal.misc" to unnamed module @50ea4eaa
[02:04:16] [main/INFO]: [OptiFine] (Reflector) Class not present: net.minecraftforge.client.ItemModelMesherForge
[02:04:17] [main/INFO]: [OptiFine] (Reflector) Class not present: net.minecraftforge.client.model.pipeline.ForgeBlockModelRenderer
[02:04:18] [main/WARN]: ERROR : Couldn't load Narrator library : Unable to load library 'SAPIWrapper_x64': Can't obtain InputStream for win32-x86-64/SAPIWrapper_x64.dll
ERROR : Couldn't load Narrator library : Unable to load library 'SAPIWrapper_x86': Can't obtain InputStream for win32-x86-64/SAPIWrapper_x86.dll

[02:04:18] [main/INFO]: [OptiFine] (Reflector) Class not present: net.minecraftforge.fml.client.gui.screen.ModListScreen
[02:04:18] [main/INFO]: [OptiFine] (Reflector) Class not present: net.minecraftforge.client.gui.NotificationModUpdateScreen
[02:04:18] [main/INFO]: Reloading ResourceManager: Default
[02:04:18] [main/INFO]: [OptiFine] *** Reloading textures ***
[02:04:18] [main/INFO]: [OptiFine] Resource packs: Default
[02:04:19] [main/INFO]: [OptiFine] (Reflector) Method not present: net.minecraft.client.renderer.RenderTypeLookup.canRenderInLayer
[02:04:19] [main/INFO]: [OptiFine] *** Reflector Forge ***
[02:04:19] [main/INFO]: [OptiFine] (Reflector) Class not present: mods.betterfoliage.client.BetterFoliageClient
[02:04:19] [main/INFO]: [OptiFine] (Reflector) Class not present: net.minecraftforge.fml.BrandingControl
[02:04:19] [main/INFO]: [OptiFine] (Reflector) Class not present: net.minecraftforge.common.capabilities.ICapabilityProvider
[02:04:19] [main/INFO]: [OptiFine] (Reflector) Class not present: net.minecraftforge.common.capabilities.CapabilityProvider
[02:04:19] [main/INFO]: [OptiFine] (Reflector) Class not present: net.minecraftforge.fml.client.ClientModLoader
[02:04:19] [main/INFO]: [OptiFine] (Reflector) Class not present: net.minecraftforge.event.world.ChunkDataEvent$Save
[02:04:19] [main/INFO]: [OptiFine] (Reflector) Class not present: net.minecraftforge.event.world.ChunkEvent$Load
[02:04:19] [main/INFO]: [OptiFine] (Reflector) Class not present: net.minecraftforge.event.world.ChunkEvent$Unload
[02:04:19] [main/INFO]: [OptiFine] (Reflector) Class not present: net.minecraftforge.fml.client.ClientHooks
[02:04:19] [main/INFO]: [OptiFine] (Reflector) Class not present: net.minecraftforge.client.event.GuiScreenEvent$DrawScreenEvent$Pre
[02:04:19] [main/INFO]: [OptiFine] (Reflector) Class not present: net.minecraftforge.client.event.GuiScreenEvent$DrawScreenEvent$Post
[02:04:19] [main/INFO]: [OptiFine] (Reflector) Class not present: net.minecraftforge.event.entity.EntityLeaveWorldEvent
[02:04:19] [main/INFO]: [OptiFine] (Reflector) Class not present: net.minecraftforge.client.event.EntityViewRenderEvent$CameraSetup
[02:04:19] [main/INFO]: [OptiFine] (Reflector) Class not present: net.minecraftforge.client.event.EntityViewRenderEvent$FogColors
[02:04:19] [main/INFO]: [OptiFine] (Reflector) Class not present: net.minecraftforge.client.event.EntityViewRenderEvent$RenderFogEvent
[02:04:19] [main/INFO]: [OptiFine] (Reflector) Class not present: net.minecraftforge.event.entity.EntityJoinWorldEvent
[02:04:19] [main/INFO]: [OptiFine] (Reflector) Method not present: net.minecraftforge.eventbus.api.Event.isCanceled
[02:04:19] [main/INFO]: [OptiFine] (Reflector) Method not present: net.minecraftforge.eventbus.api.Event.getResult
[02:04:19] [main/INFO]: [OptiFine] (Reflector) Class not present: net.minecraftforge.eventbus.api.IEventBus
[02:04:19] [main/INFO]: [OptiFine] (Reflector) Class not present: net.minecraftforge.common.extensions.IForgeBlock
[02:04:19] [main/INFO]: [OptiFine] (Reflector) Method not present: net.minecraft.client.renderer.BlockModelShapes.getTexture
[02:04:19] [main/INFO]: [OptiFine] (Reflector) Method not present: net.minecraftforge.common.extensions.IForgeBlockState.addDestroyEffects
[02:04:19] [main/INFO]: [OptiFine] (Reflector) Method not present: net.minecraftforge.common.extensions.IForgeBlockState.addHitEffects
[02:04:19] [main/INFO]: [OptiFine] (Reflector) Method not present: net.minecraftforge.common.extensions.IForgeBlockState.getLightValue
[02:04:19] [main/INFO]: [OptiFine] (Reflector) Method not present: net.minecraftforge.common.extensions.IForgeBlockState.getSoundType
[02:04:19] [main/INFO]: [OptiFine] (Reflector) Method not present: net.minecraftforge.common.extensions.IForgeBlockState.getStateAtViewpoint
[02:04:19] [main/INFO]: [OptiFine] (Reflector) Method not present: net.minecraftforge.common.extensions.IForgeBlockState.isAir
[02:04:19] [main/INFO]: [OptiFine] (Reflector) Method not present: net.minecraftforge.common.extensions.IForgeBlockState.shouldDisplayFluidOverlay
[02:04:19] [main/INFO]: [OptiFine] (Reflector) Class not present: net.minecraftforge.common.extensions.IForgeFluid
[02:04:19] [main/INFO]: [OptiFine] (Reflector) Class not present: net.minecraftforge.fluids.FluidAttributes
[02:04:19] [Realms Notification Availability checker #1/INFO]: Could not authorize you against Realms server: Invalid session id
[02:04:19] [main/INFO]: [OptiFine] (Reflector) Method not present: net.minecraft.entity.EntityType.getTags
[02:04:19] [main/INFO]: [OptiFine] (Reflector) Class not present: net.minecraftforge.event.ForgeEventFactory
[02:04:19] [main/INFO]: [OptiFine] (Reflector) Method not present: net.minecraft.fluid.Fluid.getTags
[02:04:19] [main/INFO]: [OptiFine] (Reflector) Class not present: net.minecraftforge.common.ForgeHooks
[02:04:19] [main/INFO]: [OptiFine] (Reflector) Class not present: net.minecraftforge.common.ForgeConfig
[02:04:19] [main/INFO]: [OptiFine] (Reflector) Class not present: net.minecraftforge.common.ForgeConfig$Client
[02:04:19] [main/INFO]: [OptiFine] (Reflector) Class not present: net.minecraftforge.common.ForgeConfigSpec
[02:04:19] [main/INFO]: [OptiFine] (Reflector) Class not present: net.minecraftforge.common.ForgeConfigSpec$ConfigValue
[02:04:19] [main/INFO]: [OptiFine] (Reflector) Method not present: net.minecraft.world.chunk.IChunk.getWorldForge
[02:04:19] [main/INFO]: [OptiFine] (Reflector) Class not present: net.minecraftforge.common.extensions.IForgeItem
[02:04:19] [main/INFO]: [OptiFine] (Reflector) Class not present: net.minecraftforge.common.extensions.IForgeItemStack
[02:04:19] [main/INFO]: [OptiFine] (Reflector) Class not present: net.minecraftforge.fml.ForgeI18n
[02:04:19] [main/INFO]: [OptiFine] (Reflector) Method not present: net.minecraft.client.settings.KeyBinding.setKeyConflictContext
[02:04:19] [main/INFO]: [OptiFine] (Reflector) Method not present: net.minecraft.client.settings.KeyBinding.setKeyModifierAndCode
[02:04:19] [main/INFO]: [OptiFine] (Reflector) Method not present: net.minecraft.client.settings.KeyBinding.getKeyModifier
[02:04:19] [main/INFO]: [OptiFine] (Reflector) Class not present: net.minecraftforge.common.extensions.IForgeEffectInstance
[02:04:19] [main/INFO]: [OptiFine] (Reflector) Class not present: net.minecraftforge.registries.ForgeRegistryEntry
[02:04:19] [main/INFO]: [OptiFine] (Reflector) Method not present: net.minecraft.client.renderer.RenderTypeLookup.canRenderInLayer
[02:04:19] [main/INFO]: [OptiFine] (Reflector) Constructor not present: net.minecraft.world.server.Ticket, params: class net.minecraft.world.server.TicketType, int, class java.lang.Object, boolean
[02:04:19] [main/INFO]: [OptiFine] (Reflector) Method not present: net.minecraft.world.server.Ticket.isForceTicks
[02:04:19] [main/INFO]: [OptiFine] (Reflector) Class not present: net.minecraftforge.common.extensions.IForgeTileEntity
[02:04:19] [main/INFO]: [OptiFine] (Reflector) Method not present: net.minecraft.client.world.DimensionRenderInfo.getCloudRenderHandler
[02:04:19] [main/INFO]: [OptiFine] (Reflector) Method not present: net.minecraft.client.world.DimensionRenderInfo.getSkyRenderHandler
[02:04:19] [main/INFO]: [OptiFine] (Reflector) Method not present: net.minecraft.client.world.DimensionRenderInfo.getWeatherParticleRenderHandler
[02:04:19] [main/INFO]: [OptiFine] (Reflector) Method not present: net.minecraft.client.world.DimensionRenderInfo.getWeatherRenderHandler
[02:04:19] [main/INFO]: [OptiFine] (Reflector) Class not present: net.minecraftforge.client.IRenderHandler
[02:04:19] [main/INFO]: [OptiFine] (Reflector) Class not present: net.minecraftforge.client.model.pipeline.LightUtil
[02:04:19] [main/INFO]: [OptiFine] (Reflector) Class not present: net.minecraftforge.common.MinecraftForge
[02:04:19] [main/INFO]: [OptiFine] (Reflector) Class not present: net.minecraftforge.client.MinecraftForgeClient
[02:04:19] [main/INFO]: [OptiFine] (Reflector) Class not present: net.minecraftforge.fml.common.ModContainer
[02:04:19] [main/INFO]: [OptiFine] (Reflector) Class not present: net.minecraftforge.client.model.ModelLoaderRegistry
[02:04:19] [main/INFO]: [OptiFine] (Reflector) Class not present: net.minecraftforge.entity.PartEntity
[02:04:19] [main/INFO]: [OptiFine] (Reflector) Class not present: net.minecraftforge.event.entity.PlaySoundAtEntityEvent
[02:04:19] [main/INFO]: [OptiFine] (Reflector) Class not present: net.minecraftforge.client.event.RenderBlockOverlayEvent$OverlayType
[02:04:19] [main/INFO]: [OptiFine] (Reflector) Class not present: net.minecraftforge.fml.client.registry.RenderingRegistry
[02:04:19] [main/INFO]: [OptiFine] (Reflector) Class not present: net.minecraftforge.client.event.RenderGameOverlayEvent$BossInfo
[02:04:19] [main/INFO]: [OptiFine] (Reflector) Class not present: net.minecraftforge.client.event.RenderItemInFrameEvent
[02:04:19] [main/INFO]: [OptiFine] (Reflector) Class not present: net.minecraftforge.client.event.RenderLivingEvent$Pre
[02:04:19] [main/INFO]: [OptiFine] (Reflector) Class not present: net.minecraftforge.client.event.RenderLivingEvent$Post
[02:04:19] [main/INFO]: [OptiFine] (Reflector) Class not present: net.minecraftforge.client.event.RenderNameplateEvent
[02:04:19] [main/INFO]: [OptiFine] (Reflector) Class not present: net.minecraftforge.client.event.ScreenshotEvent
[02:04:19] [main/INFO]: [OptiFine] (Reflector) Class not present: net.minecraftforge.fml.server.ServerLifecycleHooks
[02:04:19] [main/INFO]: [OptiFine] (Reflector) Class not present: net.minecraftforge.event.world.WorldEvent$Load
[02:04:19] [main/INFO]: [OptiFine] *** Reflector Vanilla ***
[02:04:50] [Worker-Main-2/INFO]: [OptiFine] Multitexture: false
[02:04:50] [Worker-Main-2/INFO]: [OptiFine] ConnectedTextures: optifine/ctm/default/00_glass_white/glass_pane_white.properties
[02:04:50] [Worker-Main-2/INFO]: [OptiFine] ConnectedTextures: optifine/ctm/default/00_glass_white/glass_white.properties
[02:04:50] [Worker-Main-2/INFO]: [OptiFine] ConnectedTextures: optifine/ctm/default/01_glass_orange/glass_orange.properties
[02:04:50] [Worker-Main-2/INFO]: [OptiFine] ConnectedTextures: optifine/ctm/default/01_glass_orange/glass_pane_orange.properties
[02:04:50] [Worker-Main-2/INFO]: [OptiFine] ConnectedTextures: optifine/ctm/default/02_glass_magenta/glass_magenta.properties
[02:04:50] [Worker-Main-2/INFO]: [OptiFine] ConnectedTextures: optifine/ctm/default/02_glass_magenta/glass_pane_magenta.properties
[02:04:50] [Worker-Main-2/INFO]: [OptiFine] ConnectedTextures: optifine/ctm/default/03_glass_light_blue/glass_light_blue.properties
[02:04:50] [Worker-Main-2/INFO]: [OptiFine] ConnectedTextures: optifine/ctm/default/03_glass_light_blue/glass_pane_light_blue.properties
[02:04:50] [Worker-Main-2/INFO]: [OptiFine] ConnectedTextures: optifine/ctm/default/04_glass_yellow/glass_pane_yellow.properties
[02:04:50] [Worker-Main-2/INFO]: [OptiFine] ConnectedTextures: optifine/ctm/default/04_glass_yellow/glass_yellow.properties
[02:04:50] [Worker-Main-2/INFO]: [OptiFine] ConnectedTextures: optifine/ctm/default/05_glass_lime/glass_lime.properties
[02:04:51] [Worker-Main-2/INFO]: [OptiFine] ConnectedTextures: optifine/ctm/default/05_glass_lime/glass_pane_lime.properties
[02:04:51] [Worker-Main-2/INFO]: [OptiFine] ConnectedTextures: optifine/ctm/default/06_glass_pink/glass_pane_pink.properties
[02:04:51] [Worker-Main-2/INFO]: [OptiFine] ConnectedTextures: optifine/ctm/default/06_glass_pink/glass_pink.properties
[02:04:51] [Worker-Main-2/INFO]: [OptiFine] ConnectedTextures: optifine/ctm/default/07_glass_gray/glass_gray.properties
[02:04:51] [Worker-Main-2/INFO]: [OptiFine] ConnectedTextures: optifine/ctm/default/07_glass_gray/glass_pane_gray.properties
[02:04:51] [Worker-Main-2/INFO]: [OptiFine] ConnectedTextures: optifine/ctm/default/08_glass_light_gray/glass_light_gray.properties
[02:04:51] [Worker-Main-2/INFO]: [OptiFine] ConnectedTextures: optifine/ctm/default/08_glass_light_gray/glass_pane_light_gray.properties
[02:04:51] [Worker-Main-2/INFO]: [OptiFine] ConnectedTextures: optifine/ctm/default/09_glass_cyan/glass_cyan.properties
[02:04:51] [Worker-Main-2/INFO]: [OptiFine] ConnectedTextures: optifine/ctm/default/09_glass_cyan/glass_pane_cyan.properties
[02:04:51] [Worker-Main-2/INFO]: [OptiFine] ConnectedTextures: optifine/ctm/default/10_glass_purple/glass_pane_purple.properties
[02:04:51] [Worker-Main-2/INFO]: [OptiFine] ConnectedTextures: optifine/ctm/default/10_glass_purple/glass_purple.properties
[02:04:51] [Worker-Main-2/INFO]: [OptiFine] ConnectedTextures: optifine/ctm/default/11_glass_blue/glass_blue.properties
[02:04:51] [Worker-Main-2/INFO]: [OptiFine] ConnectedTextures: optifine/ctm/default/11_glass_blue/glass_pane_blue.properties
[02:04:51] [Worker-Main-2/INFO]: [OptiFine] ConnectedTextures: optifine/ctm/default/12_glass_brown/glass_brown.properties
[02:04:51] [Worker-Main-2/INFO]: [OptiFine] ConnectedTextures: optifine/ctm/default/12_glass_brown/glass_pane_brown.properties
[02:04:51] [Worker-Main-2/INFO]: [OptiFine] ConnectedTextures: optifine/ctm/default/13_glass_green/glass_green.properties
[02:04:51] [Worker-Main-2/INFO]: [OptiFine] ConnectedTextures: optifine/ctm/default/13_glass_green/glass_pane_green.properties
[02:04:51] [Worker-Main-2/INFO]: [OptiFine] ConnectedTextures: optifine/ctm/default/14_glass_red/glass_pane_red.properties
[02:04:51] [Worker-Main-2/INFO]: [OptiFine] ConnectedTextures: optifine/ctm/default/14_glass_red/glass_red.properties
[02:04:51] [Worker-Main-2/INFO]: [OptiFine] ConnectedTextures: optifine/ctm/default/15_glass_black/glass_black.properties
[02:04:52] [Worker-Main-2/INFO]: [OptiFine] ConnectedTextures: optifine/ctm/default/15_glass_black/glass_pane_black.properties
[02:04:52] [Worker-Main-2/INFO]: [OptiFine] ConnectedTextures: optifine/ctm/default/20_glass/glass.properties
[02:04:52] [Worker-Main-2/INFO]: [OptiFine] ConnectedTextures: optifine/ctm/default/20_glass/glass_pane.properties
[02:04:52] [Worker-Main-2/INFO]: [OptiFine] ConnectedTextures: optifine/ctm/default/30_bookshelf/bookshelf.properties
[02:04:52] [Worker-Main-2/INFO]: [OptiFine] ConnectedTextures: optifine/ctm/default/40_sandstone/sandstone.properties
[02:04:52] [Worker-Main-2/INFO]: [OptiFine] ConnectedTextures: optifine/ctm/default/41_red_sandstone/red_sandstone.properties
[02:04:52] [Worker-Main-2/INFO]: [OptiFine] Multipass connected textures: false
[02:04:52] [Worker-Main-2/INFO]: [OptiFine] BetterGrass: Parsing default configuration optifine/bettergrass.properties
[02:05:09] [Worker-Main-2/INFO]: [OptiFine] Mipmap levels: 4
[02:05:09] [Worker-Main-3/INFO]: [OptiFine] Multitexture: false
[02:05:10] [Worker-Main-4/INFO]: [OptiFine] Multitexture: false
[02:05:16] [Worker-Main-5/INFO]: [OptiFine] Multitexture: false
[02:05:21] [Worker-Main-2/INFO]: [OptiFine] Multitexture: false
[02:05:21] [Worker-Main-2/INFO]: [OptiFine] Sprite size: 64
[02:05:21] [Worker-Main-2/INFO]: [OptiFine] Mipmap levels: 6
[02:05:21] [Worker-Main-2/INFO]: [OptiFine] Multitexture: false
[02:05:22] [Worker-Main-2/INFO]: [OptiFine] Sprite size: 64
[02:05:22] [Worker-Main-2/INFO]: [OptiFine] Mipmap levels: 6
[02:05:22] [Worker-Main-2/INFO]: [OptiFine] Multitexture: false
[02:05:22] [Worker-Main-2/INFO]: [OptiFine] Sprite size: 64
[02:05:22] [Worker-Main-2/INFO]: [OptiFine] Mipmap levels: 6
[02:05:22] [Worker-Main-2/INFO]: [OptiFine] Multitexture: false
[02:05:22] [Worker-Main-2/INFO]: [OptiFine] Sprite size: 64
[02:05:22] [Worker-Main-2/INFO]: [OptiFine] Mipmap levels: 6
[02:05:23] [Worker-Main-2/INFO]: [OptiFine] Multitexture: false
[02:05:23] [Worker-Main-2/INFO]: [OptiFine] Sprite size: 64
[02:05:23] [Worker-Main-2/INFO]: [OptiFine] Mipmap levels: 6
[02:05:23] [Worker-Main-2/INFO]: [OptiFine] Multitexture: false
[02:05:23] [Worker-Main-2/INFO]: [OptiFine] Sprite size: 64
[02:05:23] [Worker-Main-2/INFO]: [OptiFine] Mipmap levels: 6
[02:05:23] [main/INFO]: [STDERR]: [LWJGL] [ERROR] Incompatible Java and native library versions detected.
Possible reasons:
	a) -Djava.library.path is set to a folder containing shared libraries of an older LWJGL version.
	b) The classpath contains jar files of an older LWJGL version.
Possible solutions:
	a) Make sure to not set -Djava.library.path (it is not needed for developing with LWJGL 3) or make
	   sure the folder it points to contains the shared libraries of the correct LWJGL version.
	b) Check the classpath and make sure to only have jar files of the same LWJGL version in it.
[02:05:24] [main/INFO]: OpenAL initialized.
[02:05:24] [main/INFO]: Sound engine started
[02:05:25] [main/INFO]: Created: 1024x512x4 minecraft:textures/atlas/blocks.png-atlas
[02:05:25] [main/INFO]: [OptiFine] Animated sprites: 43
[02:05:25] [main/INFO]: Created: 256x128x4 minecraft:textures/atlas/signs.png-atlas
[02:05:25] [main/INFO]: [OptiFine] Animated sprites: 0
[02:05:25] [main/INFO]: Created: 512x512x4 minecraft:textures/atlas/banner_patterns.png-atlas
[02:05:25] [main/INFO]: [OptiFine] Animated sprites: 0
[02:05:25] [main/INFO]: Created: 512x512x4 minecraft:textures/atlas/shield_patterns.png-atlas
[02:05:25] [main/INFO]: [OptiFine] Animated sprites: 0
[02:05:25] [main/INFO]: Created: 256x256x4 minecraft:textures/atlas/chest.png-atlas
[02:05:25] [main/INFO]: [OptiFine] Animated sprites: 0
[02:05:25] [main/INFO]: Created: 512x256x4 minecraft:textures/atlas/beds.png-atlas
[02:05:25] [main/INFO]: [OptiFine] Animated sprites: 0
[02:05:25] [main/INFO]: Created: 512x256x4 minecraft:textures/atlas/shulker_boxes.png-atlas
[02:05:25] [main/INFO]: [OptiFine] Animated sprites: 0
[02:05:27] [main/INFO]: Created: 256x256x0 minecraft:textures/atlas/particles.png-atlas
[02:05:27] [main/INFO]: [OptiFine] Animated sprites: 0
[02:05:27] [main/INFO]: Created: 256x256x0 minecraft:textures/atlas/paintings.png-atlas
[02:05:27] [main/INFO]: [OptiFine] Animated sprites: 0
[02:05:27] [main/INFO]: Created: 128x128x0 minecraft:textures/atlas/mob_effects.png-atlas
[02:05:27] [main/INFO]: [OptiFine] Animated sprites: 0
[02:05:27] [main/INFO]: [OptiFine] *** Reloading custom textures ***
[02:05:35] [main/INFO]: [OptiFine] Disable Forge light pipeline
[09:48:27] [main/INFO]: Stopping!
